================================================================================
Test id:           Test1
Test directory:    Test1
Test title:        Test
Test groups:       <none>
Test modes:        <none>
Test order hint:   1.0
Test classname:    PySysTest; module: run.py

================================================================================
Test id:           Test2
Test directory:    Test2
Test title:        Test
Test groups:       Group_2a, Group_2b
Test modes:        <none>
Test order hint:   62.0
Test classname:    PySysTest; module: run.py

================================================================================
Test id:           Test3
Test directory:    Test3
Test title:        Test
Test groups:       <none>
Test modes:        Mode_3
Test order hint:   -7.5
Test classname:    PySysTest; module: run.py

================================================================================
Test id:           Test4
Test directory:    Test4
Test title:        Test
Test groups:       Group_4a, Group_4b
Test modes:        Mode_4a [PRIMARY], Mode_4b, Mode_4c
Test order hint:   34.0, 1054.0, 2024.0
Test classname:    PySysTest; module: run.py

