Line 0: Read in 'The cat sat on the mat\n'
Line 1: Read in 'No westlin winds and slaughtering guns\n'
Line 2: Read in 'In the temple of science there are many mansions and varied indeed are those that dwell therein and the motives that have led them there\n'
EOF
