MyTest.suffix               | My funky test
dirprefix_MyCustomTest_002  | My ace test
dirprefix_PySys_cor_001     | Test
