[
   {
      "id": "rootprefix_dir3prefix_Test_SubdirMinimalDescriptor",
      "testDir": "C:\\dev\\pysys\\test\\correctness\\PySys_internal_104\\Input\\dir1\\dir2\\dir3\\Test_SubdirMinimalDescriptor",
      "descriptorFile": "C:\\dev\\pysys\\test\\correctness\\PySys_internal_104\\Input\\dir1\\dir2\\dir3\\Test_SubdirMinimalDescriptor\\pysystest.xml",
      "type": "manual",
      "state": "skipped",
      "skippedReason": "<unknown skipped reason>",
      "title": "Nested testcase",
      "purpose": "Nested purpose",
      "groups": [
         "root-group1",
         "root-group2",
         "dir2-group",
         "dir3-group"
      ],
      "authors": [],
      "created": null,
      "modes": {
         "root-mode1": {
            "isPrimary": true
         },
         "root-mode2": {},
         "dir2-mode": {},
         "dir3-mode": {}
      },
      "requirements": [
         "root-req1",
         "root-req2",
         "dir2-req",
         "dir3-req"
      ],
      "executionOrderHint": [
         -5.2,
         94.8,
         194.8,
         294.8
      ],
      "classname": "PySysTest-dir3",
      "module": "run_dir3.py",
      "input": "Input-dir3",
      "output": "Output-dir3",
      "reference": "Reference-dir3",
      "userData": {
         "myUserDataInt": "50",
         "myUserDataBool": "trUe"
      }
   },
   {
      "id": "rootprefix_testprefix.Test_RootFullDescriptor",
      "testDir": "C:\\dev\\pysys\\test\\correctness\\PySys_internal_104\\Input\\dir1\\Test_RootFullDescriptor",
      "descriptorFile": "C:\\dev\\pysys\\test\\correctness\\PySys_internal_104\\Input\\dir1\\Test_RootFullDescriptor\\pysystest.xml",
      "type": "manual",
      "state": "deprecated",
      "skippedReason": null,
      "title": "Nested testcase",
      "purpose": "Nested purpose",
      "groups": [
         "root-group1",
         "root-group2",
         "testcase-group1",
         "testcase-group2"
      ],
      "authors": [
         "author1",
         "author 2"
      ],
      "created": "1999-12-31",
      "modes": {
         "root-mode1": {
            "isPrimary": true
         },
         "root-mode2": {},
         "testcase-mode1": {},
         "testcase-mode2": {}
      },
      "requirements": [
         "root-req1",
         "root-req2",
         "testcase-req1",
         "testcase-req2"
      ],
      "executionOrderHint": [
         9.9,
         109.9,
         209.9,
         309.9
      ],
      "classname": "PySysTest-testcase",
      "module": "run_testcase.py",
      "input": "Input-testcase",
      "output": "Output-testcase",
      "reference": "Reference-testcase",
      "userData": {
         "myUserDataInt": "100",
         "myUserDataBool": "trUe",
         "myExtraUserData": "12345"
      }
   },
   {
      "id": "rootprefix_Test_RootMinimalDescriptor",
      "testDir": "C:\\dev\\pysys\\test\\correctness\\PySys_internal_104\\Input\\dir1\\Test_RootMinimalDescriptor",
      "descriptorFile": "C:\\dev\\pysys\\test\\correctness\\PySys_internal_104\\Input\\dir1\\Test_RootMinimalDescriptor\\pysystest.xml",
      "type": "auto",
      "state": "runnable",
      "skippedReason": null,
      "title": "Nested testcase",
      "purpose": "Nested purpose",
      "groups": [
         "root-group1",
         "root-group2"
      ],
      "authors": [],
      "created": null,
      "modes": {
         "root-mode1": {
            "isPrimary": true
         },
         "root-mode2": {}
      },
      "requirements": [
         "root-req1",
         "root-req2"
      ],
      "executionOrderHint": [
         -4.1,
         95.9
      ],
      "classname": "PySysTest-root",
      "module": "run_root.py",
      "input": "Input-root",
      "output": "Output-root",
      "reference": "Reference-root",
      "userData": {
         "myUserDataInt": "50",
         "myUserDataBool": "trUe"
      }
   },
   {
      "id": "rootprefix_Test_RootNoInheritDescriptor",
      "testDir": "C:\\dev\\pysys\\test\\correctness\\PySys_internal_104\\Input\\dir1\\Test_RootNoInheritDescriptor",
      "descriptorFile": "C:\\dev\\pysys\\test\\correctness\\PySys_internal_104\\Input\\dir1\\Test_RootNoInheritDescriptor\\pysystest.xml",
      "type": "auto",
      "state": "runnable",
      "skippedReason": null,
      "title": "Nested testcase",
      "purpose": "Nested purpose",
      "groups": [
         "TestSpecificGroup"
      ],
      "authors": [],
      "created": null,
      "modes": {
         "TestSpecificMode": {
            "isPrimary": true
         }
      },
      "requirements": [
         "root-req1",
         "root-req2"
      ],
      "executionOrderHint": [
         -4.1
      ],
      "classname": "PySysTest-root",
      "module": "run_root.py",
      "input": "Input-root",
      "output": "Output-root",
      "reference": "Reference-root",
      "userData": {
         "myUserDataInt": "50",
         "myUserDataBool": "trUe"
      }
   }
]
